C51 COMPILER V9.60.7.0   MAIN                                                              02/23/2025 09:52:39 PAGE 1   


C51 COMPILER V9.60.7.0, COMPILATION OF MODULE MAIN
OBJECT MODULE PLACED IN .\Objects\main.obj
COMPILER INVOKED BY: C:\Keil_v5\C51\BIN\C51.EXE main.c OPTIMIZE(8,SPEED) BROWSE DEBUG OBJECTEXTEND PRINT(.\Listings\main
                    -.lst) TABS(2) OBJECT(.\Objects\main.obj)

line level    source

   1          #include <reg51.h>
   2          #include "asciitobcd.h"
   3          void main()
   4          {
   5   1        
   6   1        char packed_bcd=0x47;
   7   1        char higher=0x34;
   8   1        char lower=0x37;
   9   1        struct ascii as;
  10   1        as=converttoascii(packed_bcd);
  11   1        
  12   1        P1=as.high_byte;
  13   1        P2=as.low_byte;
  14   1        
  15   1        
  16   1        P0=converttobcd(higher, lower);
  17   1        
  18   1        
  19   1        
  20   1      }


MODULE INFORMATION:   STATIC OVERLAYABLE
   CODE SIZE        =     40    ----
   CONSTANT SIZE    =   ----    ----
   XDATA SIZE       =   ----    ----
   PDATA SIZE       =   ----    ----
   DATA SIZE        =   ----       4
   IDATA SIZE       =   ----    ----
   BIT SIZE         =   ----    ----
END OF MODULE INFORMATION.


C51 COMPILATION COMPLETE.  0 WARNING(S),  0 ERROR(S)
